[backblue.gif]
[fade.gif]
[index.html]
[innoactivity.uz/assets/img/logo.png]
[innoactivity.uz/assets/img/apple-touch-icon.png]
[innoactivity.uz/assets/img/illustration/illustration-15.webp]
[innoactivity.uz/assets/img/about/about-8.webp]
[innoactivity.uz/assets/img/about/about-11.webp]
[innoactivity.uz/assets/img/about/about-5.webp]
[innoactivity.uz/assets/img/features/features-4.webp]
[innoactivity.uz/assets/img/features/features-1.webp]
[innoactivity.uz/assets/img/features/features-2.webp]
[innoactivity.uz/assets/img/features/features-3.webp]
[innoactivity.uz/assets/vendor/bootstrap/js/bootstrap.bundle.min.js]
[innoactivity.uz/assets/vendor/aos/aos.js]
[innoactivity.uz/assets/vendor/glightbox/js/glightbox.min.js]
[innoactivity.uz/assets/vendor/swiper/swiper-bundle.min.js]
[innoactivity.uz/assets/vendor/purecounter/purecounter_vanilla.js]
[innoactivity.uz/index.html]
[innoactivity.uz/assets/vendor/bootstrap/css/bootstrap.min.css]
[innoactivity.uz/assets/vendor/bootstrap-icons/bootstrap-icons.css]
[innoactivity.uz/assets/vendor/aos/aos.css]
[innoactivity.uz/assets/vendor/glightbox/css/glightbox.min.css]
[innoactivity.uz/assets/css/main.css]
[innoactivity.uz/page/8.html]
[innoactivity.uz/page/10.html]
[innoactivity.uz/page/11.html]
[innoactivity.uz/page/12.html]
[innoactivity.uz/page/13.html]
[innoactivity.uz/page/14.html]
[innoactivity.uz/page/15.html]
[innoactivity.uz/page/16.html]
[innoactivity.uz/page/18.html]
[innoactivity.uz/page/19.html]
[innoactivity.uz/page/20.html]
[innoactivity.uz/page/21.html]
[innoactivity.uz/admin/login.html]
[innoactivity.uz/assets/vendor/bootstrap-icons/fonts/bootstrap-icons04d5.html]
[innoactivity.uz/assets/vendor/swiper/swiper-bundle.min.css]
[innoactivity.uz/assets/js/main.js]
[innoactivity.uz/assets/vendor/bootstrap-icons/fonts/bootstrap-icons04d5.woff]
[innoactivity.uz/page/9]
